// Jest Snapshot v1, https://goo.gl/fbAQLP

exports[`Testing CharacterDetailsScreen Snapshot Test 1`] = `
<RCTSafeAreaView
  emulateUnlessSupported={true}
>
  <View
    style={
      Object {
        "borderRadius": 0,
        "marginBottom": 20,
      }
    }
  >
    <Image
      resizeMode="cover"
      source={
        Object {
          "uri": undefined,
        }
      }
      style={
        Object {
          "height": 150,
        }
      }
    />
    <View
      style={
        Object {
          "padding": 16,
        }
      }
    >
      <Text
        style={
          Object {
            "fontSize": 22,
            "fontWeight": "bold",
          }
        }
      />
      <Text
        style={
          Object {
            "fontSize": 16,
            "fontWeight": "600",
            "marginBottom": 8,
          }
        }
      />
      <Text
        style={
          Object {
            "color": "#787878",
            "fontSize": 16,
            "fontWeight": "400",
          }
        }
      />
    </View>
  </View>
  <Text
    style={
      Object {
        "fontSize": 16,
        "fontWeight": "600",
        "marginHorizontal": 20,
      }
    }
  >
    Episods:
  </Text>
  <RCTScrollView
    disableVirtualization={false}
    getItem={[Function]}
    getItemCount={[Function]}
    horizontal={false}
    initialNumToRender={10}
    keyExtractor={[Function]}
    maxToRenderPerBatch={10}
    onContentSizeChange={[Function]}
    onEndReachedThreshold={2}
    onLayout={[Function]}
    onMomentumScrollEnd={[Function]}
    onScroll={[Function]}
    onScrollBeginDrag={[Function]}
    onScrollEndDrag={[Function]}
    removeClippedSubviews={false}
    renderItem={[Function]}
    scrollEventThrottle={50}
    stickyHeaderIndices={Array []}
    updateCellsBatchingPeriod={50}
    viewabilityConfigCallbackPairs={Array []}
    windowSize={21}
  >
    <View />
  </RCTScrollView>
</RCTSafeAreaView>
`;
